%!Adobe-FontList 1.22
%Locale:0x412

%BeginFont
Handler:DirectoryHandler
FontType:TrueType
FontName:Freesentation-1Thin
FamilyName:Freesentation
StyleName:1 Thin
FullName:Freesentation 1 Thin
MenuName:프리젠테이션 1 Thin
StyleBits:0
FamilyNameNative:프리젠테이션
StyleNameNative:1 Thin
FullNameNative:프리젠테이션 1 Thin
WritingScript:Korean
OutlineFileName:C:\Users\404-07\Desktop\조윤정-자동차-1\Font\Freesentation-1Thin.ttf
DataFormat:sfntData
hasSVG:no
VariableFontType:NonVariableFont
FileLength:846640
FileModTime:1713288316
WeightClass:250
WidthClass:5
AngleClass:0
NameArray:0,Win,1,Freesentation 1 Thin
NameArray:0,Win,16,Freesentation
NameArray:3,Win,1,프리젠테이션 1 Thin
NameArray:3,Win,16,프리젠테이션
%EndFont

%BeginFont
Handler:DirectoryHandler
FontType:TrueType
FontName:Freesentation-2ExtraLight
FamilyName:Freesentation
StyleName:2 ExtraLight
FullName:Freesentation 2 ExtraLight
MenuName:프리젠테이션 2 ExtraLight
StyleBits:0
FamilyNameNative:프리젠테이션
StyleNameNative:2 ExtraLight
FullNameNative:프리젠테이션 2 ExtraLight
WritingScript:Korean
OutlineFileName:C:\Users\404-07\Desktop\조윤정-자동차-1\Font\Freesentation-2ExtraLight.ttf
DataFormat:sfntData
hasSVG:no
VariableFontType:NonVariableFont
FileLength:846284
FileModTime:1713288316
WeightClass:260
WidthClass:5
AngleClass:0
NameArray:0,Win,1,Freesentation 2 ExtraLight
NameArray:0,Win,16,Freesentation
NameArray:3,Win,1,프리젠테이션 2 ExtraLight
NameArray:3,Win,16,프리젠테이션
%EndFont

%BeginFont
Handler:DirectoryHandler
FontType:TrueType
FontName:Freesentation-3Light
FamilyName:Freesentation
StyleName:3 Light
FullName:Freesentation 3 Light
MenuName:프리젠테이션 3 Light
StyleBits:0
FamilyNameNative:프리젠테이션
StyleNameNative:3 Light
FullNameNative:프리젠테이션 3 Light
WritingScript:Korean
OutlineFileName:C:\Users\404-07\Desktop\조윤정-자동차-1\Font\Freesentation-3Light.ttf
DataFormat:sfntData
hasSVG:no
VariableFontType:NonVariableFont
FileLength:842056
FileModTime:1713288316
WeightClass:300
WidthClass:5
AngleClass:0
NameArray:0,Win,1,Freesentation 3 Light
NameArray:0,Win,16,Freesentation
NameArray:3,Win,1,프리젠테이션 3 Light
NameArray:3,Win,16,프리젠테이션
%EndFont

%BeginFont
Handler:DirectoryHandler
FontType:TrueType
FontName:Freesentation-4Regular
FamilyName:Freesentation
StyleName:4 Regular
FullName:Freesentation 4 Regular
MenuName:프리젠테이션 4 Regular
StyleBits:0
FamilyNameNative:프리젠테이션
StyleNameNative:4 Regular
FullNameNative:프리젠테이션 4 Regular
WritingScript:Korean
OutlineFileName:C:\Users\404-07\Desktop\조윤정-자동차-1\Font\Freesentation-4Regular.ttf
DataFormat:sfntData
hasSVG:no
VariableFontType:NonVariableFont
FileLength:839656
FileModTime:1713288316
WeightClass:400
WidthClass:5
AngleClass:0
NameArray:0,Win,1,Freesentation 4 Regular
NameArray:0,Win,16,Freesentation
NameArray:3,Win,1,프리젠테이션 4 Regular
NameArray:3,Win,16,프리젠테이션
%EndFont

%BeginFont
Handler:DirectoryHandler
FontType:TrueType
FontName:Freesentation-5Medium
FamilyName:Freesentation
StyleName:5 Medium
FullName:Freesentation 5 Medium
MenuName:프리젠테이션 5 Medium
StyleBits:0
FamilyNameNative:프리젠테이션
StyleNameNative:5 Medium
FullNameNative:프리젠테이션 5 Medium
WritingScript:Korean
OutlineFileName:C:\Users\404-07\Desktop\조윤정-자동차-1\Font\Freesentation-5Medium.ttf
DataFormat:sfntData
hasSVG:no
VariableFontType:NonVariableFont
FileLength:838208
FileModTime:1713288314
WeightClass:500
WidthClass:5
AngleClass:0
NameArray:0,Win,1,Freesentation 5 Medium
NameArray:0,Win,16,Freesentation
NameArray:3,Win,1,프리젠테이션 5 Medium
NameArray:3,Win,16,프리젠테이션
%EndFont

%BeginFont
Handler:DirectoryHandler
FontType:TrueType
FontName:Freesentation-6SemiBold
FamilyName:Freesentation
StyleName:6 SemiBold
FullName:Freesentation 6 SemiBold
MenuName:프리젠테이션 6 SemiBold
StyleBits:0
FamilyNameNative:프리젠테이션
StyleNameNative:6 SemiBold
FullNameNative:프리젠테이션 6 SemiBold
WritingScript:Korean
OutlineFileName:C:\Users\404-07\Desktop\조윤정-자동차-1\Font\Freesentation-6SemiBold.ttf
DataFormat:sfntData
hasSVG:no
VariableFontType:NonVariableFont
FileLength:837316
FileModTime:1713288316
WeightClass:600
WidthClass:5
AngleClass:0
NameArray:0,Win,1,Freesentation 6 SemiBold
NameArray:0,Win,16,Freesentation
NameArray:3,Win,1,프리젠테이션 6 SemiBold
NameArray:3,Win,16,프리젠테이션
%EndFont

%BeginFont
Handler:DirectoryHandler
FontType:TrueType
FontName:Freesentation-7Bold
FamilyName:Freesentation
StyleName:7 Bold
FullName:Freesentation 7 Bold
MenuName:프리젠테이션 7 Bold
StyleBits:0
FamilyNameNative:프리젠테이션
StyleNameNative:7 Bold
FullNameNative:프리젠테이션 7 Bold
WritingScript:Korean
OutlineFileName:C:\Users\404-07\Desktop\조윤정-자동차-1\Font\Freesentation-7Bold.ttf
DataFormat:sfntData
hasSVG:no
VariableFontType:NonVariableFont
FileLength:833232
FileModTime:1713288316
WeightClass:700
WidthClass:5
AngleClass:0
NameArray:0,Win,1,Freesentation 7 Bold
NameArray:0,Win,16,Freesentation
NameArray:3,Win,1,프리젠테이션 7 Bold
NameArray:3,Win,16,프리젠테이션
%EndFont

%BeginFont
Handler:DirectoryHandler
FontType:TrueType
FontName:Freesentation-8ExtraBold
FamilyName:Freesentation
StyleName:8 ExtraBold
FullName:Freesentation 8 ExtraBold
MenuName:프리젠테이션 8 ExtraBold
StyleBits:0
FamilyNameNative:프리젠테이션
StyleNameNative:8 ExtraBold
FullNameNative:프리젠테이션 8 ExtraBold
WritingScript:Korean
OutlineFileName:C:\Users\404-07\Desktop\조윤정-자동차-1\Font\Freesentation-8ExtraBold.ttf
DataFormat:sfntData
hasSVG:no
VariableFontType:NonVariableFont
FileLength:831504
FileModTime:1713288316
WeightClass:800
WidthClass:5
AngleClass:0
NameArray:0,Win,1,Freesentation 8 ExtraBold
NameArray:0,Win,16,Freesentation
NameArray:3,Win,1,프리젠테이션 8 ExtraBold
NameArray:3,Win,16,프리젠테이션
%EndFont

%BeginFont
Handler:DirectoryHandler
FontType:TrueType
FontName:Freesentation-9Black
FamilyName:Freesentation
StyleName:9 Black
FullName:Freesentation 9 Black
MenuName:프리젠테이션 9 Black
StyleBits:0
FamilyNameNative:프리젠테이션
StyleNameNative:9 Black
FullNameNative:프리젠테이션 9 Black
WritingScript:Korean
OutlineFileName:C:\Users\404-07\Desktop\조윤정-자동차-1\Font\Freesentation-9Black.ttf
DataFormat:sfntData
hasSVG:no
VariableFontType:NonVariableFont
FileLength:828404
FileModTime:1713288316
WeightClass:900
WidthClass:5
AngleClass:0
NameArray:0,Win,1,Freesentation 9 Black
NameArray:0,Win,16,Freesentation
NameArray:3,Win,1,프리젠테이션 9 Black
NameArray:3,Win,16,프리젠테이션
%EndFont

